for some skipfactors ,Image.fromarray in ListofFramearray dunction will give some none.type error.
